finding smallest element of list out of 0 elements
    found element ===> -803
finding smallest element of list out of 1 elements
    found element ===> -706
finding smallest element of list out of 2 elements
    found element ===> -706
finding smallest element of list out of 3 elements
    found element ===> -688
finding smallest element of list out of 4 elements
    found element ===> -688
finding smallest element of list out of 5 elements
    found element ===> -688
finding smallest element of list out of 6 elements
    found element ===> -688
finding smallest element of list out of 7 elements
    found element ===> -688
finding smallest element of list out of 8 elements
    found element ===> -688
finding smallest element of list out of 9 elements
    found element ===> -688
finding smallest element of list out of 10 elements
    found element ===> -688
finding smallest element of list out of 11 elements
    found element ===> -688
finding smallest element of list out of 12 elements
    found element ===> -688
finding smallest element of list out of 13 elements
    found element ===> -688
finding smallest element of list out of 14 elements
    found element ===> -368
finding smallest element of list out of 15 elements
    found element ===> -368
finding smallest element of list out of 16 elements
    found element ===> -368
finding smallest element of list out of 17 elements
    found element ===> -274
finding smallest element of list out of 18 elements
    found element ===> -274
finding smallest element of list out of 19 elements
    found element ===> -273
